exports[`<Dashboard /> renders without crashing 1`] = `
<div
  className="Dashboard">
  <h1>
     Your devices: 
  </h1>
  <ul />
</div>
`;
