exports[`<DashboardItemProgressBar> should render correctly 1`] = `
<div
  className="dashboard-item-progress-bar">
  <Subheader
    inset={false}>
    /
  </Subheader>
  <LinearProgress
    max={100}
    min={0}
    mode="determinate"
    value={0} />
</div>
`;
